// Jest Snapshot v1, https://goo.gl/fbAQLP

exports[`Root should render without throwing an error 1`] = `
<Provider
  store={
    Object {
      "dispatch": [MockFunction],
      "getState": [MockFunction],
      "subscribe": [MockFunction],
    }
  }
>
  <div>
    <BrowserRouter>
      <Component
        checkPermissions={[Function]}
        defaults="test-routeDefaults-stub"
        routes={
          Object {
            "MyRoute": "testroute",
          }
        }
      />
    </BrowserRouter>
  </div>
</Provider>
`;
